// Jest Snapshot v1, https://goo.gl/fbAQLP

exports[`renders App 1`] = `
<div>
  <div
    class="MuiBox-root css-w8dmq8"
  >
    <div
      class="MuiBox-root css-1gsv261"
    >
      <div
        class="MuiTabs-root css-1ujnqem-MuiTabs-root"
      >
        <div
          class="MuiTabs-scroller MuiTabs-fixed css-jpln7h-MuiTabs-scroller"
          style="overflow: hidden; margin-bottom: 0px;"
        >
          <div
            aria-label="timer tabs"
            class="MuiTabs-flexContainer css-heg063-MuiTabs-flexContainer"
            role="tablist"
          >
            <button
              aria-controls="mui-p-91585-P-countdown-timers"
              aria-selected="true"
              class="MuiButtonBase-root MuiTab-root MuiTab-textColorPrimary Mui-selected css-1h9z7r5-MuiButtonBase-root-MuiTab-root"
              id="mui-p-91585-T-countdown-timers"
              role="tab"
              tabindex="0"
              type="button"
            >
              Countdown Timers
              <span
                class="MuiTouchRipple-root css-8je8zh-MuiTouchRipple-root"
              />
            </button>
            <button
              aria-controls="mui-p-91585-P-world-clocks"
              aria-selected="false"
              class="MuiButtonBase-root MuiTab-root MuiTab-textColorPrimary css-1h9z7r5-MuiButtonBase-root-MuiTab-root"
              id="mui-p-91585-T-world-clocks"
              role="tab"
              tabindex="-1"
              type="button"
            >
              World Clocks
              <span
                class="MuiTouchRipple-root css-8je8zh-MuiTouchRipple-root"
              />
            </button>
          </div>
          <span
            class="MuiTabs-indicator css-1aquho2-MuiTabs-indicator"
            style="left: 0px; width: 0px;"
          />
        </div>
      </div>
    </div>
    <div
      aria-labelledby="mui-p-91585-T-countdown-timers"
      class="MuiTabPanel-root css-13xfq8m-MuiTabPanel-root"
      id="mui-p-91585-P-countdown-timers"
      role="tabpanel"
    >
      <div
        class="css-nen11g-MuiStack-root"
      >
        <form
          class="MuiBox-root css-k008qs"
        >
          <div
            class="MuiFormControl-root MuiTextField-root css-1vs1jgp-MuiFormControl-root-MuiTextField-root"
          >
            <label
              class="MuiFormLabel-root MuiInputLabel-root MuiInputLabel-formControl MuiInputLabel-animated MuiInputLabel-outlined MuiFormLabel-colorPrimary MuiInputLabel-root MuiInputLabel-formControl MuiInputLabel-animated MuiInputLabel-outlined css-14s5rfu-MuiFormLabel-root-MuiInputLabel-root"
              data-shrink="false"
              for=":r0:"
              id=":r0:-label"
            >
              New timer
            </label>
            <div
              class="MuiInputBase-root MuiOutlinedInput-root MuiInputBase-colorPrimary MuiInputBase-formControl MuiInputBase-adornedEnd css-o9k5xi-MuiInputBase-root-MuiOutlinedInput-root"
            >
              <input
                aria-invalid="false"
                class="MuiInputBase-input MuiOutlinedInput-input MuiInputBase-inputAdornedEnd css-nxo287-MuiInputBase-input-MuiOutlinedInput-input"
                id=":r0:"
                placeholder="hh:mm:ss"
                type="tel"
                value=""
              />
              <div
                class="MuiInputAdornment-root MuiInputAdornment-positionEnd MuiInputAdornment-outlined MuiInputAdornment-sizeMedium css-1laqsz7-MuiInputAdornment-root"
              >
                <button
                  aria-label="Choose time"
                  class="MuiButtonBase-root MuiIconButton-root MuiIconButton-edgeEnd MuiIconButton-sizeMedium css-1yq5fb3-MuiButtonBase-root-MuiIconButton-root"
                  tabindex="0"
                  type="button"
                >
                  <svg
                    aria-hidden="true"
                    class="MuiSvgIcon-root MuiSvgIcon-fontSizeMedium css-i4bv87-MuiSvgIcon-root"
                    data-testid="ClockIcon"
                    focusable="false"
                    viewBox="0 0 24 24"
                  >
                    <path
                      d="M11.99 2C6.47 2 2 6.48 2 12s4.47 10 9.99 10C17.52 22 22 17.52 22 12S17.52 2 11.99 2zM12 20c-4.42 0-8-3.58-8-8s3.58-8 8-8 8 3.58 8 8-3.58 8-8 8z"
                    />
                    <path
                      d="M12.5 7H11v6l5.25 3.15.75-1.23-4.5-2.67z"
                    />
                  </svg>
                  <span
                    class="MuiTouchRipple-root css-8je8zh-MuiTouchRipple-root"
                  />
                </button>
              </div>
              <fieldset
                aria-hidden="true"
                class="MuiOutlinedInput-notchedOutline css-1d3z3hw-MuiOutlinedInput-notchedOutline"
              >
                <legend
                  class="css-yjsfm1"
                >
                  <span>
                    New timer
                  </span>
                </legend>
              </fieldset>
            </div>
          </div>
          <button
            class="MuiButtonBase-root MuiButton-root MuiButton-text MuiButton-textPrimary MuiButton-sizeMedium MuiButton-textSizeMedium Mui-disabled MuiButton-root MuiButton-text MuiButton-textPrimary MuiButton-sizeMedium MuiButton-textSizeMedium css-1e6y48t-MuiButtonBase-root-MuiButton-root"
            disabled=""
            tabindex="-1"
            type="button"
          >
            <span
              class="MuiButton-startIcon MuiButton-iconSizeMedium css-1d6wzja-MuiButton-startIcon"
            >
              <svg
                aria-hidden="true"
                class="MuiSvgIcon-root MuiSvgIcon-fontSizeMedium css-i4bv87-MuiSvgIcon-root"
                data-testid="AddAlarmIcon"
                focusable="false"
                viewBox="0 0 24 24"
              >
                <path
                  d="M7.88 3.39 6.6 1.86 2 5.71l1.29 1.53 4.59-3.85zM22 5.72l-4.6-3.86-1.29 1.53 4.6 3.86L22 5.72zM12 4c-4.97 0-9 4.03-9 9s4.02 9 9 9c4.97 0 9-4.03 9-9s-4.03-9-9-9zm0 16c-3.87 0-7-3.13-7-7s3.13-7 7-7 7 3.13 7 7-3.13 7-7 7zm1-11h-2v3H8v2h3v3h2v-3h3v-2h-3V9z"
                />
              </svg>
            </span>
            Add Timer
          </button>
        </form>
        <ul
          class="MuiList-root MuiList-padding css-h4y409-MuiList-root"
        />
      </div>
    </div>
    <div
      aria-labelledby="mui-p-91585-T-world-clocks"
      class="MuiTabPanel-root css-13xfq8m-MuiTabPanel-root"
      hidden=""
      id="mui-p-91585-P-world-clocks"
      role="tabpanel"
    />
  </div>
</div>
`;
